Name                                                         Id                              Version             Available
------------------------------------------------------------------------------------------------------------------------------
Adobe Express Photos                                         Adobe.ExpressPhotos             6.7.5.0             
Antigravity 2.11.0                                           Google.Antigravity              2.11.0              
App Installer                                                Microsoft.AppInstaller          1.29.290.0          
Git                                                          Git.Git                         2.55.0.5            
Icarus Verilog version v12-20220611                          Icarus.Verilog                  12.2022.06.11       
Microsoft .Net Native Runtime Package 2.2                    Microsoft.DotNet.Native.Runtime 2.2.28604.0         
Microsoft .Net Native Runtime Package 2.2                    Microsoft.DotNet.Native.Runtime 2.2.28604.0         
Microsoft Edge                                               Microsoft.Edge                  152.0.4191.53       
Microsoft OneDrive                                           Microsoft.OneDrive              26.150.0804.0011    
Microsoft Teams                                              Microsoft.Teams                 26198.304.4946.9672 
Microsoft Visual C++ 2015 UWP Desktop Runtime Package        Microsoft.VCLibs.Desktop.14     14.0.33728.0        
Microsoft Visual C++ 2015 UWP Desktop Runtime Package        Microsoft.VCLibs.Desktop.14     14.0.33728.0        
Microsoft Visual C++ 2015 UWP Runtime Package                Microsoft.VCLibs.14             14.0.33519.0        
Microsoft Visual C++ 2015 UWP Runtime Package                Microsoft.VCLibs.14             14.0.33519.0        
Microsoft Visual C++ 2015 UWP Runtime Package                Microsoft.VCLibs.14             14.0.30704.0        
Microsoft Visual C++ v14 Redistributable (x64) - 14.50.35719 Microsoft.VCRedist.2015+.x64    14.50.35719.0       14.51.36247.0
Microsoft Visual C++ v14 Redistributable (x86) - 14.50.35719 Microsoft.VCRedist.2015+.x86    14.50.35719.0       14.51.36247.0
Microsoft Visual Studio Code (User)                          Microsoft.VisualStudioCode      1.131.0             1.135.0
Microsoft.UI.Xaml.2.6                                        Microsoft.UI.Xaml.2.6           2.62112.3002.0      
Microsoft.UI.Xaml.2.6                                        Microsoft.UI.Xaml.2.6           2.62112.3002.0      
Microsoft.UI.Xaml.2.7                                        Microsoft.UI.Xaml.2.7           7.2409.9001.0       
Microsoft.UI.Xaml.2.7                                        Microsoft.UI.Xaml.2.7           7.2409.9001.0       
Microsoft.UI.Xaml.2.8                                        Microsoft.UI.Xaml.2.8           8.2511.26001.0      
Microsoft.UI.Xaml.2.8                                        Microsoft.UI.Xaml.2.8           8.2501.31001.0      
Microsoft.UI.Xaml.2.8                                        Microsoft.UI.Xaml.2.8           8.2501.31001.0      
Oracle VirtualBox 7.2.6                                      Oracle.VirtualBox               7.2.6               7.2.16
Windows Terminal                                             Microsoft.WindowsTerminal       1.24.11911.0        
WindowsAppRuntime.1.1                                        Microsoft.WindowsAppRuntime.1.1 1.1.5               
WindowsAppRuntime.1.1                                        Microsoft.WindowsAppRuntime.1.1 1.1.5               
WindowsAppRuntime.1.5                                        Microsoft.WindowsAppRuntime.1.5 1.5.9               
WindowsAppRuntime.1.5                                        Microsoft.WindowsAppRuntime.1.5 1.5.9               
WindowsAppRuntime.1.6                                        Microsoft.WindowsAppRuntime.1.6 1.6.9               
WindowsAppRuntime.1.6                                        Microsoft.WindowsAppRuntime.1.6 1.6.9               
WindowsAppRuntime.1.7                                        Microsoft.WindowsAppRuntime.1.7 1.7.9               
WindowsAppRuntime.1.7                                        Microsoft.WindowsAppRuntime.1.7 1.7.9               
WindowsAppRuntime.1.8                                        Microsoft.WindowsAppRuntime.1.8 > 1.8.10            
WindowsAppRuntime.1.8                                        Microsoft.WindowsAppRuntime.1.8 > 1.8.10            
WindowsAppRuntime.1.8                                        Microsoft.WindowsAppRuntime.1.8 1.8.10              
WindowsAppRuntime.2                                          Microsoft.WindowsAppRuntime.2   2.4.0.0             
WindowsAppRuntime.2                                          Microsoft.WindowsAppRuntime.2   2.4.0.0             
WindowsAppRuntime.2                                          Microsoft.WindowsAppRuntime.2   2.3.1.0             
WindowsAppRuntime.2                                          Microsoft.WindowsAppRuntime.2   2.2.0.0             
